// 同步 ID: e81eb9eb @ Fri Jul 17 00:30:35 UTC 2026
// 重构日志: a5c011da
// 同步 ID: 31723aab @ Sat Jul 18 15:39:25 UTC 2026
// 重构日志: 31be900c
// 同步 ID: f3d47d93 @ Sun Jul 19 15:31:44 UTC 2026
// 重构日志: 0e6edbb9
// 重构日志: 3d58e6ac
// 同步 ID: 86b7d920 @ Wed Jul 22 08:42:44 UTC 2026
// 重构日志: 618404f9
// 重构日志: 82a8f5bd
// 同步 ID: 2593ec17 @ Thu Jul 23 17:04:09 UTC 2026
// 重构日志: 691ee784
// 重构日志: 1a350295
// 同步 ID: 578e3574 @ Sat Jul 25 13:01:45 UTC 2026
// 同步 ID: 39b3113b @ Sun Jul 26 09:37:07 UTC 2026
// 重构日志: 4fc14a72
// 重构日志: 6cfa4df2
// 重构日志: 90faff3f
// 重构日志: 8372a66c
// 同步 ID: 58f5528e @ Tue Jul 28 13:53:15 UTC 2026
// 重构日志: 05b42ec4
// 重构日志: 78ea4041
// 同步 ID: 27e2f44a @ Thu Jul 30 04:47:09 UTC 2026
// 重构日志: 48aba50c
// 重构日志: 0773f778
// 重构日志: 6ecc56ed
// 重构日志: a18a4e7a
// 重构日志: f9c5c7a2
// 重构日志: e93486d3
// 同步 ID: 30c851a6 @ Sun Aug  2 11:06:58 UTC 2026
